current directory: /home/elvia/decidim-file_authorization_handler/vendor/bundle/ruby/3.3.0/gems/websocket-driver-0.8.0/ext/websocket-driver
/home/elvia/.rbenv/versions/3.3.4/bin/ruby extconf.rb
creating Makefile

current directory: /home/elvia/decidim-file_authorization_handler/vendor/bundle/ruby/3.3.0/gems/websocket-driver-0.8.0/ext/websocket-driver
make DESTDIR\= sitearchdir\=./.gem.20260127-32267-q0tauj sitelibdir\=./.gem.20260127-32267-q0tauj clean

current directory: /home/elvia/decidim-file_authorization_handler/vendor/bundle/ruby/3.3.0/gems/websocket-driver-0.8.0/ext/websocket-driver
make DESTDIR\= sitearchdir\=./.gem.20260127-32267-q0tauj sitelibdir\=./.gem.20260127-32267-q0tauj
compiling websocket_mask.c
websocket_mask.c: In function ‘Init_websocket_mask’:
websocket_mask.c:26:6: warning: old-style function definition [-Wold-style-definition]
   26 | void Init_websocket_mask()
      |      ^~~~~~~~~~~~~~~~~~~
websocket_mask.c: At top level:
cc1: note: unrecognized command-line option ‘-Wno-self-assign’ may have been intended to silence earlier diagnostics
cc1: note: unrecognized command-line option ‘-Wno-parentheses-equality’ may have been intended to silence earlier diagnostics
cc1: note: unrecognized command-line option ‘-Wno-constant-logical-operand’ may have been intended to silence earlier diagnostics
linking shared-object websocket_mask.so

current directory: /home/elvia/decidim-file_authorization_handler/vendor/bundle/ruby/3.3.0/gems/websocket-driver-0.8.0/ext/websocket-driver
make DESTDIR\= sitearchdir\=./.gem.20260127-32267-q0tauj sitelibdir\=./.gem.20260127-32267-q0tauj install
/usr/bin/install -c -m 0755 websocket_mask.so ./.gem.20260127-32267-q0tauj

current directory: /home/elvia/decidim-file_authorization_handler/vendor/bundle/ruby/3.3.0/gems/websocket-driver-0.8.0/ext/websocket-driver
make DESTDIR\= sitearchdir\=./.gem.20260127-32267-q0tauj sitelibdir\=./.gem.20260127-32267-q0tauj clean
