current directory: /home/elvia/decidim-file_authorization_handler/vendor/bundle/ruby/3.3.0/gems/escape_utils-1.3.0/ext/escape_utils
/home/elvia/.rbenv/versions/3.3.4/bin/ruby extconf.rb
creating Makefile

current directory: /home/elvia/decidim-file_authorization_handler/vendor/bundle/ruby/3.3.0/gems/escape_utils-1.3.0/ext/escape_utils
make DESTDIR\= sitearchdir\=./.gem.20260127-32267-d6ex5h sitelibdir\=./.gem.20260127-32267-d6ex5h clean

current directory: /home/elvia/decidim-file_authorization_handler/vendor/bundle/ruby/3.3.0/gems/escape_utils-1.3.0/ext/escape_utils
make DESTDIR\= sitearchdir\=./.gem.20260127-32267-d6ex5h sitelibdir\=./.gem.20260127-32267-d6ex5h
compiling buffer.c
buffer.c: In function ‘gh_buf_vprintf’:
buffer.c:159:17: warning: function ‘gh_buf_vprintf’ might be a candidate for ‘gnu_printf’ format attribute [-Wsuggest-attribute=format]
  159 |                 );
      |                 ^
buffer.c: At top level:
cc1: note: unrecognized command-line option ‘-Wno-self-assign’ may have been intended to silence earlier diagnostics
cc1: note: unrecognized command-line option ‘-Wno-parentheses-equality’ may have been intended to silence earlier diagnostics
cc1: note: unrecognized command-line option ‘-Wno-constant-logical-operand’ may have been intended to silence earlier diagnostics
compiling escape_utils.c
escape_utils.c: In function ‘Init_escape_utils’:
escape_utils.c:128:6: warning: old-style function definition [-Wold-style-definition]
  128 | void Init_escape_utils()
      |      ^~~~~~~~~~~~~~~~~
escape_utils.c: At top level:
cc1: note: unrecognized command-line option ‘-Wno-self-assign’ may have been intended to silence earlier diagnostics
cc1: note: unrecognized command-line option ‘-Wno-parentheses-equality’ may have been intended to silence earlier diagnostics
cc1: note: unrecognized command-line option ‘-Wno-constant-logical-operand’ may have been intended to silence earlier diagnostics
compiling houdini_href_e.c
compiling houdini_html_e.c
compiling houdini_js_e.c
compiling houdini_js_u.c
compiling houdini_uri_e.c
compiling houdini_uri_u.c
compiling houdini_xml_e.c
linking shared-object escape_utils/escape_utils.so

current directory: /home/elvia/decidim-file_authorization_handler/vendor/bundle/ruby/3.3.0/gems/escape_utils-1.3.0/ext/escape_utils
make DESTDIR\= sitearchdir\=./.gem.20260127-32267-d6ex5h sitelibdir\=./.gem.20260127-32267-d6ex5h install
/usr/bin/install -c -m 0755 escape_utils.so ./.gem.20260127-32267-d6ex5h/escape_utils

current directory: /home/elvia/decidim-file_authorization_handler/vendor/bundle/ruby/3.3.0/gems/escape_utils-1.3.0/ext/escape_utils
make DESTDIR\= sitearchdir\=./.gem.20260127-32267-d6ex5h sitelibdir\=./.gem.20260127-32267-d6ex5h clean
