current directory: /home/elvia/decidim-file_authorization_handler/vendor/bundle/ruby/3.3.0/gems/charlock_holmes-0.7.9/ext/charlock_holmes
/home/elvia/.rbenv/versions/3.3.4/bin/ruby extconf.rb
checking for pkg-config for icu-i18n... not found
checking for pkg-config for icu-io... not found
checking for pkg-config for icu-uc... not found
checking for -licui18n... yes
checking for unicode/ucnv.h... yes
checking for -lz... yes
checking for -licuuc... yes
checking for -licudata... yes
checking for icu that requires explicit C++ version flag... no
Static linking is disabled.
creating Makefile

current directory: /home/elvia/decidim-file_authorization_handler/vendor/bundle/ruby/3.3.0/gems/charlock_holmes-0.7.9/ext/charlock_holmes
make DESTDIR\= sitearchdir\=./.gem.20260127-32267-txw62z sitelibdir\=./.gem.20260127-32267-txw62z clean

current directory: /home/elvia/decidim-file_authorization_handler/vendor/bundle/ruby/3.3.0/gems/charlock_holmes-0.7.9/ext/charlock_holmes
make DESTDIR\= sitearchdir\=./.gem.20260127-32267-txw62z sitelibdir\=./.gem.20260127-32267-txw62z
compiling converter.c
compiling encoding_detector.c
compiling ext.c
compiling transliterator.cpp
linking shared-object charlock_holmes/charlock_holmes.so

current directory: /home/elvia/decidim-file_authorization_handler/vendor/bundle/ruby/3.3.0/gems/charlock_holmes-0.7.9/ext/charlock_holmes
make DESTDIR\= sitearchdir\=./.gem.20260127-32267-txw62z sitelibdir\=./.gem.20260127-32267-txw62z install
/usr/bin/install -c -m 0755 charlock_holmes.so ./.gem.20260127-32267-txw62z/charlock_holmes

current directory: /home/elvia/decidim-file_authorization_handler/vendor/bundle/ruby/3.3.0/gems/charlock_holmes-0.7.9/ext/charlock_holmes
make DESTDIR\= sitearchdir\=./.gem.20260127-32267-txw62z sitelibdir\=./.gem.20260127-32267-txw62z clean
