pkg_config: checking for pkg-config for icu-i18n... -------------------- not found

package configuration for icu-i18n is not found
--------------------

pkg_config: checking for pkg-config for icu-io... -------------------- not found

package configuration for icu-io is not found
--------------------

pkg_config: checking for pkg-config for icu-uc... -------------------- not found

package configuration for icu-uc is not found
--------------------

have_library: checking for -licui18n... -------------------- yes

LD_LIBRARY_PATH=.:/home/elvia/.rbenv/versions/3.3.4/lib "gcc -o conftest -I/home/elvia/.rbenv/versions/3.3.4/include/ruby-3.3.0/x86_64-linux -I/home/elvia/.rbenv/versions/3.3.4/include/ruby-3.3.0/ruby/backward -I/home/elvia/.rbenv/versions/3.3.4/include/ruby-3.3.0 -I.    -O3 -fno-fast-math -ggdb3 -Wall -Wextra -Wdeprecated-declarations -Wdiv-by-zero -Wduplicated-cond -Wimplicit-function-declaration -Wimplicit-int -Wpointer-arith -Wwrite-strings -Wold-style-definition -Wimplicit-fallthrough=0 -Wmissing-noreturn -Wno-cast-function-type -Wno-constant-logical-operand -Wno-long-long -Wno-missing-field-initializers -Wno-overlength-strings -Wno-packed-bitfield-compat -Wno-parentheses-equality -Wno-self-assign -Wno-tautological-compare -Wno-unused-parameter -Wno-unused-value -Wsuggest-attribute=format -Wsuggest-attribute=noreturn -Wunused-variable -Wmisleading-indentation -Wundef  -fPIC conftest.c  -L. -L/home/elvia/.rbenv/versions/3.3.4/lib -Wl,-rpath,/home/elvia/.rbenv/versions/3.3.4/lib -L. -fstack-protector-strong -rdynamic -Wl,-export-dynamic -Wl,--no-as-needed     -Wl,-rpath,/home/elvia/.rbenv/versions/3.3.4/lib -L/home/elvia/.rbenv/versions/3.3.4/lib -lruby  -lm -lpthread  -lc"
checked program was:
/* begin */
1: #include "ruby.h"
2: 
3: int main(int argc, char **argv)
4: {
5:   return !!argv[argc];
6: }
/* end */

LD_LIBRARY_PATH=.:/home/elvia/.rbenv/versions/3.3.4/lib "gcc -o conftest -I/home/elvia/.rbenv/versions/3.3.4/include/ruby-3.3.0/x86_64-linux -I/home/elvia/.rbenv/versions/3.3.4/include/ruby-3.3.0/ruby/backward -I/home/elvia/.rbenv/versions/3.3.4/include/ruby-3.3.0 -I.    -O3 -fno-fast-math -ggdb3 -Wall -Wextra -Wdeprecated-declarations -Wdiv-by-zero -Wduplicated-cond -Wimplicit-function-declaration -Wimplicit-int -Wpointer-arith -Wwrite-strings -Wold-style-definition -Wimplicit-fallthrough=0 -Wmissing-noreturn -Wno-cast-function-type -Wno-constant-logical-operand -Wno-long-long -Wno-missing-field-initializers -Wno-overlength-strings -Wno-packed-bitfield-compat -Wno-parentheses-equality -Wno-self-assign -Wno-tautological-compare -Wno-unused-parameter -Wno-unused-value -Wsuggest-attribute=format -Wsuggest-attribute=noreturn -Wunused-variable -Wmisleading-indentation -Wundef  -fPIC conftest.c  -L. -L/home/elvia/.rbenv/versions/3.3.4/lib -Wl,-rpath,/home/elvia/.rbenv/versions/3.3.4/lib -L. -fstack-protector-strong -rdynamic -Wl,-export-dynamic -Wl,--no-as-needed     -Wl,-rpath,/home/elvia/.rbenv/versions/3.3.4/lib -L/home/elvia/.rbenv/versions/3.3.4/lib -lruby -licui18n  -lm -lpthread  -lc"
checked program was:
/* begin */
 1: #include "ruby.h"
 2: 
 3: /*top*/
 4: extern int t(void);
 5: int main(int argc, char **argv)
 6: {
 7:   if (argc > 1000000) {
 8:     int (* volatile tp)(void)=(int (*)(void))&t;
 9:     printf("%d", (*tp)());
10:   }
11: 
12:   return !!argv[argc];
13: }
14: 
15: int t(void) { ; return 0; }
/* end */

--------------------

have_header: checking for unicode/ucnv.h... -------------------- yes

LD_LIBRARY_PATH=.:/home/elvia/.rbenv/versions/3.3.4/lib "gcc -I/home/elvia/.rbenv/versions/3.3.4/include/ruby-3.3.0/x86_64-linux -I/home/elvia/.rbenv/versions/3.3.4/include/ruby-3.3.0/ruby/backward -I/home/elvia/.rbenv/versions/3.3.4/include/ruby-3.3.0 -I.    -O3 -fno-fast-math -ggdb3 -Wall -Wextra -Wdeprecated-declarations -Wdiv-by-zero -Wduplicated-cond -Wimplicit-function-declaration -Wimplicit-int -Wpointer-arith -Wwrite-strings -Wold-style-definition -Wimplicit-fallthrough=0 -Wmissing-noreturn -Wno-cast-function-type -Wno-constant-logical-operand -Wno-long-long -Wno-missing-field-initializers -Wno-overlength-strings -Wno-packed-bitfield-compat -Wno-parentheses-equality -Wno-self-assign -Wno-tautological-compare -Wno-unused-parameter -Wno-unused-value -Wsuggest-attribute=format -Wsuggest-attribute=noreturn -Wunused-variable -Wmisleading-indentation -Wundef  -fPIC   -c conftest.c"
checked program was:
/* begin */
1: #include "ruby.h"
2: 
3: #include <unicode/ucnv.h>
/* end */

--------------------

have_library: checking for -lz... -------------------- yes

LD_LIBRARY_PATH=.:/home/elvia/.rbenv/versions/3.3.4/lib "gcc -o conftest -I/home/elvia/.rbenv/versions/3.3.4/include/ruby-3.3.0/x86_64-linux -I/home/elvia/.rbenv/versions/3.3.4/include/ruby-3.3.0/ruby/backward -I/home/elvia/.rbenv/versions/3.3.4/include/ruby-3.3.0 -I.    -O3 -fno-fast-math -ggdb3 -Wall -Wextra -Wdeprecated-declarations -Wdiv-by-zero -Wduplicated-cond -Wimplicit-function-declaration -Wimplicit-int -Wpointer-arith -Wwrite-strings -Wold-style-definition -Wimplicit-fallthrough=0 -Wmissing-noreturn -Wno-cast-function-type -Wno-constant-logical-operand -Wno-long-long -Wno-missing-field-initializers -Wno-overlength-strings -Wno-packed-bitfield-compat -Wno-parentheses-equality -Wno-self-assign -Wno-tautological-compare -Wno-unused-parameter -Wno-unused-value -Wsuggest-attribute=format -Wsuggest-attribute=noreturn -Wunused-variable -Wmisleading-indentation -Wundef  -fPIC conftest.c  -L. -L/home/elvia/.rbenv/versions/3.3.4/lib -Wl,-rpath,/home/elvia/.rbenv/versions/3.3.4/lib -L. -fstack-protector-strong -rdynamic -Wl,-export-dynamic -Wl,--no-as-needed    -licui18n  -Wl,-rpath,/home/elvia/.rbenv/versions/3.3.4/lib -L/home/elvia/.rbenv/versions/3.3.4/lib -lruby -lz -licui18n  -lm -lpthread  -lc"
checked program was:
/* begin */
 1: #include "ruby.h"
 2: 
 3: /*top*/
 4: extern int t(void);
 5: int main(int argc, char **argv)
 6: {
 7:   if (argc > 1000000) {
 8:     int (* volatile tp)(void)=(int (*)(void))&t;
 9:     printf("%d", (*tp)());
10:   }
11: 
12:   return !!argv[argc];
13: }
14: 
15: int t(void) { ; return 0; }
/* end */

--------------------

have_library: checking for -licuuc... -------------------- yes

LD_LIBRARY_PATH=.:/home/elvia/.rbenv/versions/3.3.4/lib "gcc -o conftest -I/home/elvia/.rbenv/versions/3.3.4/include/ruby-3.3.0/x86_64-linux -I/home/elvia/.rbenv/versions/3.3.4/include/ruby-3.3.0/ruby/backward -I/home/elvia/.rbenv/versions/3.3.4/include/ruby-3.3.0 -I.    -O3 -fno-fast-math -ggdb3 -Wall -Wextra -Wdeprecated-declarations -Wdiv-by-zero -Wduplicated-cond -Wimplicit-function-declaration -Wimplicit-int -Wpointer-arith -Wwrite-strings -Wold-style-definition -Wimplicit-fallthrough=0 -Wmissing-noreturn -Wno-cast-function-type -Wno-constant-logical-operand -Wno-long-long -Wno-missing-field-initializers -Wno-overlength-strings -Wno-packed-bitfield-compat -Wno-parentheses-equality -Wno-self-assign -Wno-tautological-compare -Wno-unused-parameter -Wno-unused-value -Wsuggest-attribute=format -Wsuggest-attribute=noreturn -Wunused-variable -Wmisleading-indentation -Wundef  -fPIC conftest.c  -L. -L/home/elvia/.rbenv/versions/3.3.4/lib -Wl,-rpath,/home/elvia/.rbenv/versions/3.3.4/lib -L. -fstack-protector-strong -rdynamic -Wl,-export-dynamic -Wl,--no-as-needed    -lz -licui18n  -Wl,-rpath,/home/elvia/.rbenv/versions/3.3.4/lib -L/home/elvia/.rbenv/versions/3.3.4/lib -lruby -licuuc -lz -licui18n  -lm -lpthread  -lc"
checked program was:
/* begin */
 1: #include "ruby.h"
 2: 
 3: /*top*/
 4: extern int t(void);
 5: int main(int argc, char **argv)
 6: {
 7:   if (argc > 1000000) {
 8:     int (* volatile tp)(void)=(int (*)(void))&t;
 9:     printf("%d", (*tp)());
10:   }
11: 
12:   return !!argv[argc];
13: }
14: 
15: int t(void) { ; return 0; }
/* end */

--------------------

have_library: checking for -licudata... -------------------- yes

LD_LIBRARY_PATH=.:/home/elvia/.rbenv/versions/3.3.4/lib "gcc -o conftest -I/home/elvia/.rbenv/versions/3.3.4/include/ruby-3.3.0/x86_64-linux -I/home/elvia/.rbenv/versions/3.3.4/include/ruby-3.3.0/ruby/backward -I/home/elvia/.rbenv/versions/3.3.4/include/ruby-3.3.0 -I.    -O3 -fno-fast-math -ggdb3 -Wall -Wextra -Wdeprecated-declarations -Wdiv-by-zero -Wduplicated-cond -Wimplicit-function-declaration -Wimplicit-int -Wpointer-arith -Wwrite-strings -Wold-style-definition -Wimplicit-fallthrough=0 -Wmissing-noreturn -Wno-cast-function-type -Wno-constant-logical-operand -Wno-long-long -Wno-missing-field-initializers -Wno-overlength-strings -Wno-packed-bitfield-compat -Wno-parentheses-equality -Wno-self-assign -Wno-tautological-compare -Wno-unused-parameter -Wno-unused-value -Wsuggest-attribute=format -Wsuggest-attribute=noreturn -Wunused-variable -Wmisleading-indentation -Wundef  -fPIC conftest.c  -L. -L/home/elvia/.rbenv/versions/3.3.4/lib -Wl,-rpath,/home/elvia/.rbenv/versions/3.3.4/lib -L. -fstack-protector-strong -rdynamic -Wl,-export-dynamic -Wl,--no-as-needed    -licuuc -lz -licui18n  -Wl,-rpath,/home/elvia/.rbenv/versions/3.3.4/lib -L/home/elvia/.rbenv/versions/3.3.4/lib -lruby -licudata -licuuc -lz -licui18n  -lm -lpthread  -lc"
checked program was:
/* begin */
 1: #include "ruby.h"
 2: 
 3: /*top*/
 4: extern int t(void);
 5: int main(int argc, char **argv)
 6: {
 7:   if (argc > 1000000) {
 8:     int (* volatile tp)(void)=(int (*)(void))&t;
 9:     printf("%d", (*tp)());
10:   }
11: 
12:   return !!argv[argc];
13: }
14: 
15: int t(void) { ; return 0; }
/* end */

--------------------

checking for icu that requires explicit C++ version flag... -------------------- no

LD_LIBRARY_PATH=.:/home/elvia/.rbenv/versions/3.3.4/lib "gcc -I/home/elvia/.rbenv/versions/3.3.4/include/ruby-3.3.0/x86_64-linux -I/home/elvia/.rbenv/versions/3.3.4/include/ruby-3.3.0/ruby/backward -I/home/elvia/.rbenv/versions/3.3.4/include/ruby-3.3.0 -I.    -O3 -fno-fast-math -ggdb3 -Wall -Wextra -Wdeprecated-declarations -Wdiv-by-zero -Wduplicated-cond -Wimplicit-function-declaration -Wimplicit-int -Wpointer-arith -Wwrite-strings -Wold-style-definition -Wimplicit-fallthrough=0 -Wmissing-noreturn -Wno-cast-function-type -Wno-constant-logical-operand -Wno-long-long -Wno-missing-field-initializers -Wno-overlength-strings -Wno-packed-bitfield-compat -Wno-parentheses-equality -Wno-self-assign -Wno-tautological-compare -Wno-unused-parameter -Wno-unused-value -Wsuggest-attribute=format -Wsuggest-attribute=noreturn -Wunused-variable -Wmisleading-indentation -Wundef  -fPIC -Wall -funroll-loops  -x c++ -c conftest.c"
cc1plus: warning: command-line option ‘-Wimplicit-function-declaration’ is valid for C/ObjC but not for C++
cc1plus: warning: command-line option ‘-Wimplicit-int’ is valid for C/ObjC but not for C++
cc1plus: warning: command-line option ‘-Wold-style-definition’ is valid for C/ObjC but not for C++
In file included from /home/elvia/.rbenv/versions/3.3.4/include/ruby-3.3.0/ruby/internal/anyargs.h:83,
                 from /home/elvia/.rbenv/versions/3.3.4/include/ruby-3.3.0/ruby/ruby.h:27,
                 from /home/elvia/.rbenv/versions/3.3.4/include/ruby-3.3.0/ruby.h:38,
                 from conftest.c:1:
/home/elvia/.rbenv/versions/3.3.4/include/ruby-3.3.0/ruby/backward/cxxanyargs.hpp:540:6: warning: "RUBY_API_VERSION_MAJOR" is not defined, evaluates to 0 [-Wundef]
  540 | #if (RUBY_API_VERSION_MAJOR * 100 + RUBY_API_VERSION_MINOR) >= 301
      |      ^~~~~~~~~~~~~~~~~~~~~~
/home/elvia/.rbenv/versions/3.3.4/include/ruby-3.3.0/ruby/backward/cxxanyargs.hpp:540:37: warning: "RUBY_API_VERSION_MINOR" is not defined, evaluates to 0 [-Wundef]
  540 | #if (RUBY_API_VERSION_MAJOR * 100 + RUBY_API_VERSION_MINOR) >= 301
      |                                     ^~~~~~~~~~~~~~~~~~~~~~
cc1plus: note: unrecognized command-line option ‘-Wno-self-assign’ may have been intended to silence earlier diagnostics
cc1plus: note: unrecognized command-line option ‘-Wno-parentheses-equality’ may have been intended to silence earlier diagnostics
cc1plus: note: unrecognized command-line option ‘-Wno-constant-logical-operand’ may have been intended to silence earlier diagnostics
checked program was:
/* begin */
1: #include "ruby.h"
2: 
3: #include <unicode/translit.h>
4: int main() { return 0; }
/* end */

--------------------

